// Jest Snapshot v1, https://goo.gl/fbAQLP

exports[`Button snapshot 1`] = `
<DocumentFragment>
  <button
    class="btn"
    type="button"
  >
    Test
  </button>
</DocumentFragment>
`;
